 - Issue 1 [#1](http://github.com/org/repo/issues/1) contributed by Foo Bar ([@foo](http://url.com/foo))
 - Issue 1

Commits: 12345678...67890123
