 - Issue 1 [#1](http://github.com/org/repo/issues/1) +fix

Commits: 12345678...67890123
