# 0.2.0 (05 January 2012)

**Note this release does some stuff!**


 - [2] - Edited Issue3

Another comment

Commits: AC39885536...CA74E870F2


# 0.1.0 (03 January 2012)

## Features
 - [0] - Edited Issue1
 - [1] - Edited Issue2
 - [2] - Edited Issue3

## Fixes
 - [3] - Edited Issue4
 - [4] - Edited Issue5

This is a comment about the release

Which spans multiple lines

Commits: E413A880DB...F6924D7A0B
