# vNext

 - [3] - Issue4

Commits: 66E022FEDC...66E022FEDC


# 0.2.0 (05 January 2012)

 - [2] - Issue3

Commits: 1DAD827848...EA6F7EA20E


# 0.1.0 (03 January 2012)

 - [0] - Issue1
 - [1] - Issue2

Commits: B44B325984...D23E3668A8
