# 0.2.0 (05 January 2012)

 - [2] - Issue3

Commits: AAAAAAAAAA...BBBBBBBBBB


# 0.1.0 (03 January 2012)

 - [0] - Issue1
 - [1] - Issue2

Commits: AAAAAAAAAA...BBBBBBBBBB
