 - Issue 1 [#1](http://github.com/org/repo/issues/1) +fix
