 - Issue 1 [#1](http://github.com/org/repo/issues/1) +internal-refactoring

Commits: 12345678...67890123
